[themesflat.co/html/seomxhtml/index04b9.html]
[backblue.gif]
[fade.gif]
[index.html]
[unpkg.com/aos@2.3.1/dist/aos.css]
[themesflat.co/html/seomxhtml/assets/images/logo/Favicon.png]
[themesflat.co/html/seomxhtml/index.html]
[themesflat.co/html/seomxhtml/assets/images/logo/logo.png]
[themesflat.co/html/seomxhtml/home2.html]
[themesflat.co/html/seomxhtml/about.html]
[themesflat.co/html/seomxhtml/team.html]
[themesflat.co/html/seomxhtml/team-details.html]
[themesflat.co/html/seomxhtml/pricing.html]
[themesflat.co/html/seomxhtml/faq.html]
[themesflat.co/html/seomxhtml/shop.html]
[themesflat.co/html/seomxhtml/product-details.html]
[themesflat.co/html/seomxhtml/services.html]
[themesflat.co/html/seomxhtml/service-details.html]
[themesflat.co/html/seomxhtml/portfolio.html]
[themesflat.co/html/seomxhtml/portfolio-details.html]
[themesflat.co/html/seomxhtml/blog.html]
[themesflat.co/html/seomxhtml/blog-details.html]
[themesflat.co/html/seomxhtml/contact.html]
[themesflat.co/html/seomxhtml/assets/images/icon/close.png]
[themesflat.co/html/seomxhtml/assets/images/blog/news-1.jpg]
[themesflat.co/html/seomxhtml/assets/images/blog/news-2.jpg]
[themesflat.co/html/seomxhtml/assets/images/blog/news-3.jpg]
[themesflat.co/html/seomxhtml/assets/images/blog/news-4.jpg]
[themesflat.co/html/seomxhtml/assets/images/slider/bg-slider-1.png]
[themesflat.co/html/seomxhtml/assets/images/slider/slider-1.png]
[themesflat.co/html/seomxhtml/assets/images/icon/service-1.png]
[themesflat.co/html/seomxhtml/assets/images/icon/service-2.png]
[themesflat.co/html/seomxhtml/assets/images/icon/service-3.png]
[themesflat.co/html/seomxhtml/assets/images/icon/service-4.png]
[themesflat.co/html/seomxhtml/assets/images/icon/process-1.png]
[themesflat.co/html/seomxhtml/assets/images/icon/process-2.png]
[themesflat.co/html/seomxhtml/assets/images/icon/process-3.png]
[themesflat.co/html/seomxhtml/assets/images/mark/mark-process.png]
[themesflat.co/html/seomxhtml/assets/images/img-box/client-1.jpg]
[themesflat.co/html/seomxhtml/assets/images/img-box/client-2.jpg]
[themesflat.co/html/seomxhtml/assets/images/img-box/client-3.jpg]
[themesflat.co/html/seomxhtml/assets/images/img-box/client-4.jpg]
[themesflat.co/html/seomxhtml/assets/images/img-box/client-5.jpg]
[themesflat.co/html/seomxhtml/assets/images/img-box/client-6.jpg]
[themesflat.co/html/seomxhtml/assets/images/img-box/client-7.jpg]
[themesflat.co/html/seomxhtml/assets/images/img-box/client-8.jpg]
[themesflat.co/html/seomxhtml/assets/images/img-box/process.jpg]
[themesflat.co/html/seomxhtml/assets/images/img-box/growing-1.png]
[themesflat.co/html/seomxhtml/assets/images/img-box/projects-1.jpg]
[themesflat.co/html/seomxhtml/assets/images/img-box/projects-2.jpg]
[themesflat.co/html/seomxhtml/assets/images/img-box/projects-3.jpg]
[themesflat.co/html/seomxhtml/assets/images/img-box/partners-1.png]
[themesflat.co/html/seomxhtml/assets/images/img-box/partners-2.png]
[themesflat.co/html/seomxhtml/assets/images/img-box/partners-3.png]
[themesflat.co/html/seomxhtml/assets/images/img-box/partners-4.png]
[themesflat.co/html/seomxhtml/assets/images/img-box/partners-5.png]
[themesflat.co/html/seomxhtml/assets/images/img-box/partners-6.png]
[themesflat.co/html/seomxhtml/assets/images/img-box/partners-7.png]
[themesflat.co/html/seomxhtml/assets/images/img-box/partners-8.png]
[themesflat.co/html/seomxhtml/assets/images/img-box/analytics.png]
[themesflat.co/html/seomxhtml/assets/images/mark/mark-1.png]
[themesflat.co/html/seomxhtml/assets/images/img-box/testimonials.jpg]
[themesflat.co/html/seomxhtml/assets/images/img-box/testimonials-1.png]
[themesflat.co/html/seomxhtml/assets/images/img-box/testimonials-2.png]
[themesflat.co/html/seomxhtml/assets/images/img-box/testimonials-3.png]
[themesflat.co/html/seomxhtml/assets/images/img-box/testimonials-4.png]
[themesflat.co/html/seomxhtml/assets/images/img-box/testimonials-5.png]
[themesflat.co/html/seomxhtml/assets/images/img-box/testimonials-6.png]
[themesflat.co/html/seomxhtml/assets/images/img-box/testimonials-7.png]
[themesflat.co/html/seomxhtml/assets/images/img-box/blog-1.jpg]
[themesflat.co/html/seomxhtml/assets/images/img-box/blog-2.jpg]
[themesflat.co/html/seomxhtml/assets/images/img-box/blog-3.jpg]
[themesflat.co/html/seomxhtml/assets/images/logo/logo-footer.png]
[unpkg.com/aos@2.3.1/dist/aos.js]
[themesflat.co/html/seomxhtml/app/js/jquery.min.js]
[themesflat.co/html/seomxhtml/app/js/jquery.easing.js]
[themesflat.co/html/seomxhtml/app/js/bootstrap.min.js]
[themesflat.co/html/seomxhtml/app/js/swiper-bundle.min.js]
[themesflat.co/html/seomxhtml/app/js/swiper.js]
[themesflat.co/html/seomxhtml/app/js/countto.js]
[themesflat.co/html/seomxhtml/app/js/plugin.js]
[themesflat.co/html/seomxhtml/app/js/shortcodes.js]
[themesflat.co/html/seomxhtml/app/js/main.js]
[themesflat.co/html/seomxhtml/index04b9.html]
[themesflat.co/html/seomxhtml/assets/fonts/fa-brands-400.eot]
[themesflat.co/html/seomxhtml/assets/fonts/fa-brands-400d41d.eot]
[themesflat.co/html/seomxhtml/assets/fonts/fa-brands-400.woff]
[themesflat.co/html/seomxhtml/assets/fonts/fa-brands-400.ttf]
[themesflat.co/html/seomxhtml/assets/fonts/fa-duotone-900.eot]
[themesflat.co/html/seomxhtml/assets/fonts/fa-duotone-900d41d.eot]
[themesflat.co/html/seomxhtml/assets/fonts/fa-duotone-900.woff]
[themesflat.co/html/seomxhtml/assets/fonts/fa-duotone-900.ttf]
[themesflat.co/html/seomxhtml/app/dist/assets/fonts/fa-light-300.5f.delayed]
[themesflat.co/html/seomxhtml/assets/fonts/fa-light-300d41d.eot]
[themesflat.co/html/seomxhtml/assets/fonts/fa-light-300.woff]
[themesflat.co/html/seomxhtml/assets/fonts/fa-light-300.ttf]
[themesflat.co/html/seomxhtml/assets/fonts/fa-regular-400.eot]
[themesflat.co/html/seomxhtml/assets/fonts/fa-regular-400d41d.eot]
[themesflat.co/html/seomxhtml/assets/fonts/fa-regular-400.woff]
[themesflat.co/html/seomxhtml/assets/fonts/fa-regular-400.ttf]
[themesflat.co/html/seomxhtml/assets/fonts/fa-solid-900.eot]
[themesflat.co/html/seomxhtml/assets/fonts/fa-solid-900d41d.eot]
[themesflat.co/html/seomxhtml/assets/fonts/fa-solid-900.woff]
[themesflat.co/html/seomxhtml/assets/fonts/fa-solid-900.ttf]
[themesflat.co/html/seomxhtml/app/dist/font-awesome.css]
[themesflat.co/html/seomxhtml/app/icon/close-1-1.png]
[themesflat.co/html/seomxhtml/assets/images/section/img-page-inner.jpg]
[themesflat.co/html/seomxhtml/assets/images/section/bg-newsletter.jpg]
[themesflat.co/html/seomxhtml/assets/images/section/bg-video.79.delayed]
[themesflat.co/html/seomxhtml/assets/images/section/bg-video-page.jpg]
[themesflat.co/html/seomxhtml/assets/images/mark/mark-icon.png]
[themesflat.co/html/seomxhtml/assets/images/mark/mark-service2.png]
[themesflat.co/html/seomxhtml/assets/images/section/bg-diagram.jpg]
[themesflat.co/html/seomxhtml/assets/images/mark/growing-1.png]
[themesflat.co/html/seomxhtml/assets/images/mark/mark-projects.png]
[themesflat.co/html/seomxhtml/assets/images/section/bg-partners2.jpg]
[themesflat.co/html/seomxhtml/assets/images/mark/mark-analytics.png]
[themesflat.co/html/seomxhtml/assets/images/section/bg-testimonials-1.png]
[themesflat.co/html/seomxhtml/assets/images/section/bg-testimonials-2.png]
[themesflat.co/html/seomxhtml/assets/images/mark/mark-blog.png]
[themesflat.co/html/seomxhtml/assets/images/section/bg-skills.jpg]
[themesflat.co/html/seomxhtml/assets/images/img-box/bg-pricing.jpg]
[themesflat.co/html/seomxhtml/assets/images/section/bg-footer-1.jpg]
[themesflat.co/html/seomxhtml/assets/images/slider/mark-title.png]
[themesflat.co/html/seomxhtml/app/dist/app.css]
[themesflat.co/html/seomxhtml/app/dist/responsive.css]
[unpkg.com/aos@2.3.1/dist/aos.css]
[themesflat.co/html/seomxhtml/index.html]
[themesflat.co/html/seomxhtml/assets/images/slider/slider-2.png]
[themesflat.co/html/seomxhtml/assets/images/slider/mark-slider-2.png]
[themesflat.co/html/seomxhtml/assets/images/mark/mark-2.png]
[themesflat.co/html/seomxhtml/assets/images/mark/mark-3.png]
[themesflat.co/html/seomxhtml/assets/images/mark/mark-4.png]
[themesflat.co/html/seomxhtml/assets/images/img-box/about-1.png]
[themesflat.co/html/seomxhtml/assets/images/mark/mark-5.png]
[themesflat.co/html/seomxhtml/assets/images/mark/mark-6.png]
[themesflat.co/html/seomxhtml/assets/images/img-box/works-1.jpg]
[themesflat.co/html/seomxhtml/assets/images/img-box/works-2.jpg]
[themesflat.co/html/seomxhtml/assets/images/img-box/works-3.jpg]
[themesflat.co/html/seomxhtml/assets/images/img-box/step.png]
[themesflat.co/html/seomxhtml/assets/images/img-box/brand-2.png]
[themesflat.co/html/seomxhtml/assets/images/img-box/brand-3.png]
[themesflat.co/html/seomxhtml/assets/images/img-box/brand-4.png]
[themesflat.co/html/seomxhtml/assets/images/img-box/brand-5.png]
[themesflat.co/html/seomxhtml/assets/images/img-box/testi-6.jpg]
[themesflat.co/html/seomxhtml/assets/images/mark/mark-testi.png]
[themesflat.co/html/seomxhtml/assets/images/img-box/testi-1.png]
[themesflat.co/html/seomxhtml/assets/images/img-box/testi-2.png]
[themesflat.co/html/seomxhtml/assets/images/img-box/testi-3.png]
[themesflat.co/html/seomxhtml/assets/images/img-box/testi-4.jpg]
[themesflat.co/html/seomxhtml/assets/images/mark/mark-testi-5.png]
[themesflat.co/html/seomxhtml/assets/images/img-box/testimonials-9.jpg]
[themesflat.co/html/seomxhtml/assets/images/img-box/testimonials-10.jpg]
[themesflat.co/html/seomxhtml/assets/images/img-box/testimonials-11.jpg]
[themesflat.co/html/seomxhtml/assets/images/mark/mark-testi-2.png]
[themesflat.co/html/seomxhtml/assets/images/mark/mark-7.png]
[themesflat.co/html/seomxhtml/assets/images/mark/mark-8.png]
[themesflat.co/html/seomxhtml/assets/images/mark/mark-9.png]
[themesflat.co/html/seomxhtml/assets/images/mark/mark-10.png]
[themesflat.co/html/seomxhtml/assets/images/img-box/blog-4.jpg]
[themesflat.co/html/seomxhtml/assets/images/img-box/blog-5.jpg]
[themesflat.co/html/seomxhtml/assets/images/mark/mark-news-2.png]
[themesflat.co/html/seomxhtml/assets/images/mark/mark-news-3.png]
[themesflat.co/html/seomxhtml/assets/images/img-box/newsletter-1.png]
[themesflat.co/html/seomxhtml/assets/images/mark/mark-news-1.png]
[themesflat.co/html/seomxhtml/app/js/jquery.fancybox.js]
[themesflat.co/html/seomxhtml/home2.html]
[themesflat.co/html/seomxhtml/assets/images/mark/mark-inner-page.png]
[themesflat.co/html/seomxhtml/assets/images/img-box/about-2.png]
[themesflat.co/html/seomxhtml/assets/images/icon/icon-about-1.png]
[themesflat.co/html/seomxhtml/assets/images/icon/icon-about-2.png]
[themesflat.co/html/seomxhtml/assets/images/img-box/about-3.png]
[themesflat.co/html/seomxhtml/assets/images/img-box/team-1.jpg]
[themesflat.co/html/seomxhtml/assets/images/img-box/team-2.jpg]
[themesflat.co/html/seomxhtml/assets/images/img-box/team-3.jpg]
[themesflat.co/html/seomxhtml/assets/images/img-box/team-4.jpg]
[themesflat.co/html/seomxhtml/assets/images/img-box/business.png]
[themesflat.co/html/seomxhtml/assets/images/img-box/testimonials-page-1.jpg]
[themesflat.co/html/seomxhtml/assets/images/img-box/testimonials-page-2.jpg]
[themesflat.co/html/seomxhtml/about.html]
[themesflat.co/html/seomxhtml/assets/images/img-box/team-5.jpg]
[themesflat.co/html/seomxhtml/assets/images/img-box/team-6.jpg]
[themesflat.co/html/seomxhtml/assets/images/img-box/team-7.jpg]
[themesflat.co/html/seomxhtml/assets/images/img-box/team-8.jpg]
[themesflat.co/html/seomxhtml/assets/images/img-box/team-9.jpg]
[themesflat.co/html/seomxhtml/assets/images/img-box/team-10.jpg]
[themesflat.co/html/seomxhtml/assets/images/img-box/team-11.jpg]
[themesflat.co/html/seomxhtml/assets/images/img-box/team-12.jpg]
[themesflat.co/html/seomxhtml/assets/images/mark/mark-testi-3.png]
[themesflat.co/html/seomxhtml/assets/images/mark/mark-testi-4.png]
[themesflat.co/html/seomxhtml/assets/images/img-box/testimonials-12.jpg]
[themesflat.co/html/seomxhtml/assets/images/img-box/testimonials-13.jpg]
[themesflat.co/html/seomxhtml/team.html]
[themesflat.co/html/seomxhtml/assets/images/img-box/team-details.jpg]
[themesflat.co/html/seomxhtml/team-details.html]
[themesflat.co/html/seomxhtml/assets/images/img-box/pricing-1.png]
[themesflat.co/html/seomxhtml/assets/images/img-box/pricing-2.png]
[themesflat.co/html/seomxhtml/assets/images/img-box/pricing-3.png]
[themesflat.co/html/seomxhtml/pricing.html]
[themesflat.co/html/seomxhtml/assets/images/img-box/faq-1.jpg]
[themesflat.co/html/seomxhtml/app/js/jquery-validate.js]
[themesflat.co/html/seomxhtml/faq.html]
[themesflat.co/html/seomxhtml/assets/images/shop/shop-1.png]
[themesflat.co/html/seomxhtml/assets/images/shop/shop-11.png]
[themesflat.co/html/seomxhtml/assets/images/shop/shop-2.png]
[themesflat.co/html/seomxhtml/assets/images/shop/shop-10.png]
[themesflat.co/html/seomxhtml/assets/images/shop/shop-3.png]
[themesflat.co/html/seomxhtml/assets/images/shop/shop-12.png]
[themesflat.co/html/seomxhtml/assets/images/shop/shop-4.png]
[themesflat.co/html/seomxhtml/assets/images/shop/shop-7.png]
[themesflat.co/html/seomxhtml/assets/images/shop/shop-5.png]
[themesflat.co/html/seomxhtml/assets/images/shop/shop-9.png]
[themesflat.co/html/seomxhtml/assets/images/shop/shop-6.png]
[themesflat.co/html/seomxhtml/assets/images/shop/shop-8.png]
[themesflat.co/html/seomxhtml/assets/images/shop/shop-sidebar-01.png]
[themesflat.co/html/seomxhtml/assets/images/shop/shop-sidebar-2.png]
[themesflat.co/html/seomxhtml/assets/images/shop/shop-sidebar-3.png]
[themesflat.co/html/seomxhtml/assets/images/shop/shop-sidebar-4.png]
[themesflat.co/html/seomxhtml/app/js/price-ranger.js]
[themesflat.co/html/seomxhtml/shop.html]
[themesflat.co/html/seomxhtml/assets/images/shop/shop-details-1.png]
[themesflat.co/html/seomxhtml/assets/images/shop/shop-details-2.png]
[themesflat.co/html/seomxhtml/assets/images/shop/shop-details-3.png]
[themesflat.co/html/seomxhtml/product-details.html]
[themesflat.co/html/seomxhtml/assets/images/img-box/service-1.png]
[themesflat.co/html/seomxhtml/assets/images/img-box/step-2.png]
[themesflat.co/html/seomxhtml/services.html]
[themesflat.co/html/seomxhtml/assets/images/mark/mark-step.png]
[themesflat.co/html/seomxhtml/assets/images/img-box/why-choose.png]
[themesflat.co/html/seomxhtml/assets/images/icon/technical-1.png]
[themesflat.co/html/seomxhtml/assets/images/icon/technical-2.png]
[themesflat.co/html/seomxhtml/assets/images/img-box/service-2.png]
[themesflat.co/html/seomxhtml/assets/images/icon/why-take-1.png]
[themesflat.co/html/seomxhtml/assets/images/icon/why-take-2.png]
[themesflat.co/html/seomxhtml/assets/images/icon/why-take-3.png]
[themesflat.co/html/seomxhtml/service-details.html]
[themesflat.co/html/seomxhtml/assets/images/img-box/works-01.jpg]
[themesflat.co/html/seomxhtml/assets/images/img-box/works-02.jpg]
[themesflat.co/html/seomxhtml/assets/images/img-box/works-03.jpg]
[themesflat.co/html/seomxhtml/assets/images/img-box/works-04.jpg]
[themesflat.co/html/seomxhtml/assets/images/img-box/works-06.jpg]
[themesflat.co/html/seomxhtml/assets/images/img-box/works-08.jpg]
[themesflat.co/html/seomxhtml/portfolio.html]
[themesflat.co/html/seomxhtml/assets/images/img-box/portfolio.jpg]
[themesflat.co/html/seomxhtml/assets/images/blog/blog-sidebar-1.png]
[themesflat.co/html/seomxhtml/portfolio-details.html]
[themesflat.co/html/seomxhtml/assets/images/blog/blog-1.jpg]
[themesflat.co/html/seomxhtml/assets/images/blog/blog-2.jpg]
[themesflat.co/html/seomxhtml/assets/images/blog/blog-3.jpg]
[themesflat.co/html/seomxhtml/assets/images/blog/blog-4.jpg]
[themesflat.co/html/seomxhtml/assets/images/blog/blog-5.jpg]
[themesflat.co/html/seomxhtml/assets/images/blog/blog-6.jpg]
[themesflat.co/html/seomxhtml/blog.html]
[themesflat.co/html/seomxhtml/assets/images/blog/blog-details-1.jpg]
[themesflat.co/html/seomxhtml/assets/images/blog/author-1.jpg]
[themesflat.co/html/seomxhtml/assets/images/blog/avatar-1.jpg]
[themesflat.co/html/seomxhtml/assets/images/blog/avatar-2.jpg]
[themesflat.co/html/seomxhtml/assets/images/blog/avatar-3.jpg]
[themesflat.co/html/seomxhtml/blog-details.html]
[themesflat.co/html/seomxhtml/assets/images/img-box/contact-1.png]
[themesflat.co/html/seomxhtml/contact.html]
[themesflat.co/html/seomxhtml/assets/fonts/fa-brands-400.html]
[themesflat.co/html/seomxhtml/assets/fonts/fa-brands-400.svg]
[themesflat.co/html/seomxhtml/assets/fonts/fa-duotone-900.html]
[themesflat.co/html/seomxhtml/assets/fonts/fa-duotone-900.svg]
[themesflat.co/html/seomxhtml/assets/fonts/fa-light-300.html]
[themesflat.co/html/seomxhtml/assets/fonts/fa-light-300.svg]
[themesflat.co/html/seomxhtml/assets/fonts/fa-regular-400.html]
[themesflat.co/html/seomxhtml/assets/fonts/fa-regular-400.svg]
[themesflat.co/html/seomxhtml/assets/fonts/fa-solid-900.html]
[themesflat.co/html/seomxhtml/assets/fonts/fa-solid-900.svg]
[themesflat.co/html/seomxhtml/app/dist/animate.css]
[themesflat.co/html/seomxhtml/app/dist/jquery.fancybox.min.css]
[themesflat.co/html/seomxhtml/app/dist/magnific-popup.css]
[themesflat.co/html/seomxhtml/app/dist/swiper-bundle.min.css]
[themesflat.co/html/seomxhtml/app/dist/bootstrap.css]
[themesflat.co/html/seomxhtml/assets/images/section/bg-video-page.html]
[themesflat.co/html/seomxhtml/app/icon/close-1-1.html]
[themesflat.co/html/seomxhtml/app/dist/assets/fonts/fa-light-300.html]
[themesflat.co/html/seomxhtml/app/icon/close-1-1.html]
[themesflat.co/html/seomxhtml/app/icon/close-1-1.html]
[themesflat.co/html/seomxhtml/assets/images/section/bg-video.html]
[themesflat.co/html/seomxhtml/assets/images/section/bg-video-page.html]
[themesflat.co/html/seomxhtml/assets/images/section/bg-video-page.html]
