[kits.typstd.com/pribadi/index.html]
[backblue.gif]
[fade.gif]
[index.html]
[kits.typstd.com/pribadi/wp-content/plugins/header-footer-elementor/inc/widgets-css/frontendf122.css]
[kits.typstd.com/pribadi/wp-content/plugins/template-kit-export/public/assets/css/template-kit-export-public.min365c.css]
[kits.typstd.com/pribadi/feed/index.html]
[kits.typstd.com/pribadi/wp-content/plugins/elementor/assets/lib/eicons/css/elementor-icons.mine94d.css]
[kits.typstd.com/pribadi/comments/feed/index.html]
[kits.typstd.com/pribadi/wp-content/uploads/sites/13/elementor/css/custom-frontend-lite.min8448.css]
[kits.typstd.com/pribadi/wp-content/plugins/elementor/assets/lib/swiper/v8/css/swiper.min94a4.css]
[kits.typstd.com/pribadi/wp-content/uploads/sites/13/elementor/css/post-50182c.css]
[kits.typstd.com/pribadi/wp-content/uploads/sites/13/elementor/css/post-490239e.css]
[kits.typstd.com/pribadi/wp-content/plugins/metform/public/assets/lib/cute-alert/style6f61.css]
[kits.typstd.com/pribadi/wp-content/plugins/metform/public/assets/css/text-editor6f61.css]
[kits.typstd.com/pribadi/wp-content/themes/hello-elementor/style.min324d.css]
[kits.typstd.com/pribadi/wp-content/themes/hello-elementor/theme.min324d.css]
[kits.typstd.com/pribadi/wp-content/themes/hello-elementor/header-footer.min324d.css]
[kits.typstd.com/pribadi/wp-content/plugins/elementskit-lite/modules/elementskit-icon-pack/assets/css/ekiticons55a0.css]
[kits.typstd.com/pribadi/wp-content/plugins/elementskit-lite/widgets/init/assets/css/widget-styles55a0.css]
[kits.typstd.com/pribadi/wp-content/plugins/elementskit-lite/widgets/init/assets/css/responsive55a0.css]
[kits.typstd.com/pribadi/wp-content/plugins/elementor/assets/lib/font-awesome/css/fontawesome.min52d5.css]
[kits.typstd.com/pribadi/wp-includes/js/jquery/jquery.minf43b.js]
[kits.typstd.com/pribadi/wp-includes/js/jquery/jquery-migrate.min5589.js]
[kits.typstd.com/pribadi/wp-content/plugins/template-kit-export/public/assets/js/template-kit-export-public.min365c.js]
[kits.typstd.com/pribadi/wp-json/index.html]
[kits.typstd.com/pribadi/wp-json/wp/v2/pages/490.json]
[kits.typstd.com/pribadi/xmlrpc0db0.php]
[kits.typstd.com/pribadi/wp-json/oembed/1.0/embed8ec7.json]
[kits.typstd.com/pribadi/wp-json/oembed/1.0/embed7ab5]
[kits.typstd.com/pribadi/wp-content/uploads/sites/13/2023/10/pribadi.png]
[kits.typstd.com/pribadi/wp-content/uploads/sites/13/2023/10/1-1024x1024.webp]
[kits.typstd.com/pribadi/wp-content/uploads/sites/13/2023/11/logoipsum-218.svg]
[kits.typstd.com/pribadi/homepage-02/index.html]
[kits.typstd.com/pribadi/wp-content/uploads/sites/13/2023/11/logoipsum-217.svg]
[kits.typstd.com/pribadi/single-portfolio/index.html]
[kits.typstd.com/pribadi/portfolio/index.html]
[kits.typstd.com/pribadi/blog/index.html]
[kits.typstd.com/pribadi/wp-content/uploads/sites/13/2023/11/logoipsum-216.svg]
[kits.typstd.com/pribadi/single-post/index.html]
[kits.typstd.com/pribadi/services/index.html]
[kits.typstd.com/pribadi/pricing/index.html]
[kits.typstd.com/pribadi/contact/index.html]
[kits.typstd.com/pribadi/wp-content/uploads/sites/13/2023/11/logoipsum-213.svg]
[kits.typstd.com/pribadi/wp-content/uploads/sites/13/2023/11/logoipsum-212.svg]
[kits.typstd.com/pribadi/wp-content/uploads/sites/13/2023/10/Desain-tanpa-judul2-1024x1024.webp]
[kits.typstd.com/pribadi/wp-content/uploads/sites/13/elementor/css/custom-widget-icon-box.min7633.css]
[kits.typstd.com/pribadi/wp-content/uploads/sites/13/2023/10/mockup-computer-laptop-books-glasses-and-housepl-2022-02-02-23-47-07-utc-1920x1280-1-1024x683.webp]
[kits.typstd.com/pribadi/wp-content/uploads/sites/13/2023/10/notebook-2022-11-09-10-42-19-utc-1920x2560-1-768x1024.webp]
[kits.typstd.com/pribadi/wp-content/uploads/sites/13/2023/10/notebook-2021-08-26-17-51-42-utc-1920x2879-1.webp]
[kits.typstd.com/pribadi/wp-content/uploads/sites/13/2023/10/laptop-and-book-coffee-on-gray-background-top-vi-2021-12-09-06-34-45-utc1-1920x1280-1-1024x683.webp]
[kits.typstd.com/pribadi/wp-content/uploads/sites/13/2023/10/books-near-cactus-in-pot-and-frame-on-wooden-table-2022-12-16-19-35-25-utc1-1920x1280-1-1024x683.webp]
[kits.typstd.com/pribadi/wp-content/uploads/sites/13/2023/10/cotton-bags-on-yellow-2022-03-03-10-58-45-utc-1920x2880-1-683x1024.webp]
[kits.typstd.com/pribadi/wp-content/uploads/sites/13/2023/10/headshot-of-pleased-hipster-has-satisfied-9F3V7HY.jpg]
[kits.typstd.com/pribadi/wp-content/uploads/sites/13/2023/10/happy-pretty-woman-with-glad-expression-smiles-PHWVSSD.jpg]
[kits.typstd.com/pribadi/wp-content/uploads/sites/13/2023/10/horizontal-shot-of-pretty-asian-woman-U5QPUS9.jpg]
[kits.typstd.com/pribadi/wp-content/uploads/sites/13/2023/10/romantic-lovely-female-model-blows-air-kiss-keeps-RQJB97Q.jpg]
[kits.typstd.com/pribadi/wp-content/uploads/sites/13/2023/10/books-near-cactus-in-pot-and-frame-on-wooden-table-2022-12-16-19-35-25-utc1-1920x1280-1-800x533.webp]
[kits.typstd.com/pribadi/wp-content/uploads/sites/13/2023/10/mockup-computer-laptop-books-glasses-and-housepl-2022-02-02-23-47-07-utc-1920x1280-1-800x533.webp]
[kits.typstd.com/pribadi/wp-content/uploads/sites/13/2023/10/laptop-and-book-coffee-on-gray-background-top-vi-2021-12-09-06-34-45-utc1-1920x1280-1-800x533.webp]
[kits.typstd.com/pribadi/wp-content/uploads/sites/13/elementor/css/custom-widget-icon-list.min7633.css]
[kits.typstd.com/pribadi/the-art-and-science-of-graphic-design-a-comprehensive-overview-2/index.html]
[kits.typstd.com/pribadi/the-art-and-science-of-graphic-design-a-comprehensive-overview/index.html]
[kits.typstd.com/pribadi/wp-content/plugins/elementor/assets/lib/animations/animations.mindcff.css]
[kits.typstd.com/pribadi/wp-content/plugins/elementor/assets/lib/font-awesome/css/all.mindcff.css]
[kits.typstd.com/pribadi/wp-content/plugins/elementor/assets/lib/font-awesome/css/v4-shims.mindcff.css]
[kits.typstd.com/pribadi/wp-content/plugins/metform/public/assets/lib/cute-alert/cute-alert6f61.js]
[kits.typstd.com/pribadi/wp-content/themes/hello-elementor/assets/js/hello-frontend.min324d.js]
[kits.typstd.com/pribadi/wp-content/plugins/elementskit-lite/libs/framework/assets/js/frontend-script55a0.js]
[kits.typstd.com/pribadi/wp-content/plugins/elementskit-lite/widgets/init/assets/js/widget-scripts55a0.js]
[kits.typstd.com/pribadi/wp-content/plugins/elementor/assets/lib/font-awesome/js/v4-shims.mindcff.js]
[kits.typstd.com/pribadi/wp-content/plugins/elementor/assets/lib/jquery-numerator/jquery-numerator.min3958.js]
[kits.typstd.com/pribadi/wp-content/plugins/elementor/assets/js/webpack.runtime.mindcff.js]
[kits.typstd.com/pribadi/wp-content/plugins/elementor/assets/js/frontend-modules.mindcff.js]
[kits.typstd.com/pribadi/wp-content/plugins/elementor/assets/lib/waypoints/waypoints.min05da.js]
[kits.typstd.com/pribadi/wp-includes/js/jquery/ui/core.min3f14.js]
[kits.typstd.com/pribadi/wp-content/plugins/elementor/assets/js/frontend.mindcff.js]
[kits.typstd.com/pribadi/wp-content/plugins/elementskit-lite/widgets/init/assets/js/animate-circle.min55a0.js]
[kits.typstd.com/pribadi/index.html]
[kits.typstd.com/pribadi/wp-content/plugins/header-footer-elementor/inc/widgets-css/frontendf122.css]
[kits.typstd.com/pribadi/wp-content/plugins/template-kit-export/public/assets/css/template-kit-export-public.min365c.css]
[kits.typstd.com/pribadi/wp-content/plugins/header-footer-elementor/assets/css/header-footer-elementorf122.css]
[kits.typstd.com/pribadi/wp-content/plugins/elementskit-lite/widgets/init/assets/js/elementor55a0.js]
[kits.typstd.com/pribadi/wp-content/plugins/elementor/assets/lib/eicons/fonts/eiconsc63f.eot]
[kits.typstd.com/pribadi/wp-content/plugins/elementor/assets/lib/eicons/fonts/eiconsc63f.woff2]
[kits.typstd.com/pribadi/wp-content/plugins/elementor/assets/lib/eicons/fonts/eiconsc63f.woff]
[kits.typstd.com/pribadi/wp-content/plugins/elementor/assets/lib/eicons/fonts/eiconsc63f.ttf]
[kits.typstd.com/pribadi/wp-content/plugins/elementor/assets/lib/eicons/css/elementor-icons.mine94d.css]
[kits.typstd.com/pribadi/wp-content/uploads/sites/13/elementor/css/custom-frontend-lite.min8448.css]
[kits.typstd.com/pribadi/wp-content/plugins/elementor/assets/lib/swiper/v8/css/swiper.min94a4.css]
[kits.typstd.com/pribadi/wp-content/plugins/elementor/assets/lib/eicons/fonts/eiconsc63f.svg]
[kits.typstd.com/pribadi/wp-content/uploads/sites/13/2023/11/bg4.webp]
[kits.typstd.com/pribadi/wp-content/uploads/sites/13/elementor/css/post-50182c.css]
[kits.typstd.com/pribadi/wp-content/uploads/sites/13/2023/10/bg.webp]
[kits.typstd.com/pribadi/wp-content/uploads/sites/13/2023/10/bg6.webp]
[kits.typstd.com/pribadi/wp-content/uploads/sites/13/2023/10/books-near-cactus-in-pot-and-frame-on-wooden-table-2022-12-16-19-35-25-utc1-1920x1280-1.webp]
[kits.typstd.com/pribadi/wp-content/uploads/sites/13/elementor/css/post-490239e.css]
[kits.typstd.com/pribadi/wp-content/plugins/metform/public/assets/lib/cute-alert/style6f61.css]
[kits.typstd.com/pribadi/wp-content/plugins/metform/public/assets/css/text-editor6f61.css]
[kits.typstd.com/pribadi/wp-content/themes/hello-elementor/style.min324d.css]
[kits.typstd.com/pribadi/wp-content/themes/hello-elementor/theme.min324d.css]
[kits.typstd.com/pribadi/wp-content/themes/hello-elementor/header-footer.min324d.css]
[kits.typstd.com/pribadi/wp-content/plugins/elementskit-lite/modules/elementskit-icon-pack/assets/fonts/elementskit97ac.woff]
[kits.typstd.com/pribadi/wp-content/plugins/elementskit-lite/modules/elementskit-icon-pack/assets/css/ekiticons55a0.css]
[kits.typstd.com/pribadi/wp-content/plugins/elementskit-lite/widgets/init/assets/img/arrow.png]
[kits.typstd.com/pribadi/wp-content/plugins/elementskit-lite/widgets/init/assets/img/sort_asc.png]
[kits.typstd.com/pribadi/wp-content/plugins/elementskit-lite/widgets/init/assets/img/sort_desc.png]
[kits.typstd.com/pribadi/wp-content/plugins/elementskit-lite/widgets/init/assets/img/sort_asc_disabled.png]
[kits.typstd.com/pribadi/wp-content/plugins/elementskit-lite/widgets/init/assets/css/widget-styles55a0.css]
[kits.typstd.com/pribadi/wp-content/plugins/elementskit-lite/widgets/init/assets/css/responsive55a0.css]
[kits.typstd.com/pribadi/wp-content/plugins/elementor/assets/lib/font-awesome/css/fontawesome.min52d5.css]
[kits.typstd.com/pribadi/wp-content/plugins/elementor/assets/lib/font-awesome/webfonts/fa-brands-400.eot]
[kits.typstd.com/pribadi/wp-content/plugins/elementor/assets/lib/font-awesome/webfonts/fa-brands-400d41d.eot]
[kits.typstd.com/pribadi/wp-content/plugins/elementor/assets/lib/font-awesome/webfonts/fa-brands-400.woff2]
[kits.typstd.com/pribadi/wp-content/plugins/elementor/assets/lib/font-awesome/webfonts/fa-brands-400.woff]
[kits.typstd.com/pribadi/wp-content/plugins/elementor/assets/lib/font-awesome/webfonts/fa-brands-400.ttf]
[kits.typstd.com/pribadi/wp-content/plugins/elementor/assets/lib/font-awesome/css/brands.min52d5.css]
[kits.typstd.com/pribadi/wp-content/plugins/elementor/assets/lib/font-awesome/webfonts/fa-brands-400.svg]
[kits.typstd.com/pribadi/wp-content/plugins/elementor/assets/lib/font-awesome/webfonts/fa-solid-900.eot]
[kits.typstd.com/pribadi/wp-content/plugins/elementor/assets/lib/font-awesome/webfonts/fa-solid-900d41d.eot]
[kits.typstd.com/pribadi/wp-content/plugins/elementor/assets/lib/font-awesome/webfonts/fa-solid-900.woff2]
[kits.typstd.com/pribadi/wp-content/plugins/elementor/assets/lib/font-awesome/webfonts/fa-solid-900.woff]
[kits.typstd.com/pribadi/wp-content/plugins/elementor/assets/lib/font-awesome/webfonts/fa-solid-900.ttf]
[kits.typstd.com/pribadi/wp-content/plugins/elementor/assets/lib/font-awesome/css/solid.min52d5.css]
[kits.typstd.com/pribadi/wp-content/plugins/elementor/assets/lib/font-awesome/webfonts/fa-solid-900.svg]
[kits.typstd.com/pribadi/wp-content/uploads/sites/13/elementor/css/post-8149135.css]
[kits.typstd.com/pribadi/wp-json/wp/v2/pages/814.json]
[kits.typstd.com/pribadi/wp-json/oembed/1.0/embed4488.json]
[kits.typstd.com/pribadi/wp-json/oembed/1.0/embeda500]
[kits.typstd.com/pribadi/wp-content/uploads/sites/13/2023/11/Desain-tanpa-judul4-1024x1024.webp]
[kits.typstd.com/pribadi/homepage-02/index.html]
[kits.typstd.com/pribadi/wp-content/uploads/sites/13/elementor/css/post-762af1e.css]
[kits.typstd.com/pribadi/about-me/index.html]
[kits.typstd.com/pribadi/wp-json/wp/v2/pages/762.json]
[kits.typstd.com/pribadi/wp-json/oembed/1.0/embede635.json]
[kits.typstd.com/pribadi/wp-json/oembed/1.0/embed399d]
[kits.typstd.com/pribadi/wp-content/uploads/sites/13/2023/11/team-of-creative-graphic-designer-working-on-color-2023-09-18-18-47-17-utc-1024x683.webp]
[kits.typstd.com/pribadi/wp-content/uploads/sites/13/2023/11/web-design-18-2022-10-26-06-13-20-utc-1024x768.webp]
[kits.typstd.com/pribadi/wp-content/uploads/sites/13/2023/11/ux-and-ui-designers-working-2021-09-01-02-03-24-utc-1024x683.webp]
[kits.typstd.com/pribadi/wp-content/uploads/sites/13/2023/11/color-design-creative-and-hands-of-business-peopl-2023-03-24-02-28-51-utc-1024x683.webp]
[kits.typstd.com/pribadi/portfolio/index.html]
[kits.typstd.com/pribadi/wp-content/uploads/sites/13/elementor/css/post-865998a.css]
[kits.typstd.com/pribadi/wp-json/wp/v2/pages/865.json]
[kits.typstd.com/pribadi/wp-json/oembed/1.0/embed665e.json]
[kits.typstd.com/pribadi/single-portfolio/index.html]
[kits.typstd.com/pribadi/wp-json/oembed/1.0/embed0e7d]
[kits.typstd.com/pribadi/wp-content/uploads/sites/13/elementor/css/post-952dbd3.css]
[kits.typstd.com/pribadi/wp-json/wp/v2/pages/952.json]
[kits.typstd.com/pribadi/wp-json/oembed/1.0/embed04fd.json]
[kits.typstd.com/pribadi/blog/index.html]
[kits.typstd.com/pribadi/wp-json/oembed/1.0/embed587b]
[kits.typstd.com/pribadi/wp-includes/css/dist/block-library/style.minadc6.css]
[kits.typstd.com/pribadi/wp-content/uploads/sites/13/elementor/css/post-10137c9f.css]
[kits.typstd.com/pribadi/wp-json/wp/v2/pages/1013.json]
[kits.typstd.com/pribadi/wp-json/oembed/1.0/embed4afc.json]
[kits.typstd.com/pribadi/wp-json/oembed/1.0/embed5e24]
[kits.typstd.com/pribadi/wp-content/uploads/sites/13/2023/10/notebook-2022-11-09-10-42-19-utc-1920x2560-1.webp]
[kits.typstd.com/pribadi/wp-content/uploads/sites/13/2023/11/ux-and-ui-designers-working-2021-09-01-02-03-24-utc.webp]
[kits.typstd.com/pribadi/single-post/index.html]
[kits.typstd.com/pribadi/wp-content/uploads/sites/13/elementor/css/post-8959657.css]
[kits.typstd.com/pribadi/wp-json/wp/v2/pages/895.json]
[kits.typstd.com/pribadi/wp-json/oembed/1.0/embedf1e6.json]
[kits.typstd.com/pribadi/services/index.html]
[kits.typstd.com/pribadi/wp-json/oembed/1.0/embed90ed]
[kits.typstd.com/pribadi/wp-content/uploads/sites/13/elementor/css/post-9454e8e.css]
[kits.typstd.com/pribadi/wp-json/wp/v2/pages/945.json]
[kits.typstd.com/pribadi/wp-json/oembed/1.0/embed4cf4.json]
[kits.typstd.com/pribadi/pricing/index.html]
[kits.typstd.com/pribadi/wp-json/oembed/1.0/embedbe9a]
[kits.typstd.com/pribadi/wp-content/uploads/sites/13/elementor/css/post-709001d.css]
[kits.typstd.com/pribadi/wp-json/wp/v2/pages/709.json]
[kits.typstd.com/pribadi/wp-json/oembed/1.0/embed4a0c.json]
[kits.typstd.com/pribadi/wp-json/oembed/1.0/embed3b3c]
[kits.typstd.com/pribadi/wp-content/uploads/sites/13/elementor/css/post-624001d.css]
[kits.typstd.com/pribadi/wp-content/plugins/metform/public/assets/css/metform-ui6f61.css]
[kits.typstd.com/pribadi/wp-content/plugins/metform/public/assets/css/style6f61.css]
[kits.typstd.com/pribadi/wp-content/plugins/metform/public/assets/js/htm6f61.js]
[kits.typstd.com/pribadi/wp-includes/js/dist/vendor/wp-polyfill-inert.min0226.js]
[kits.typstd.com/pribadi/wp-includes/js/dist/vendor/regenerator-runtime.min6c85.js]
[kits.typstd.com/pribadi/wp-includes/js/dist/vendor/wp-polyfill.min2c7c.js]
[kits.typstd.com/pribadi/wp-includes/js/dist/vendor/react.min7a3b.js]
[kits.typstd.com/pribadi/wp-includes/js/dist/vendor/react-dom.min7a3b.js]
[kits.typstd.com/pribadi/wp-includes/js/dist/escape-html.min3a9d.js]
[kits.typstd.com/pribadi/wp-includes/js/dist/element.min1596.js]
[kits.typstd.com/pribadi/contact/index.html]
[kits.typstd.com/pribadi/wp-content/uploads/sites/13/2023/11/logoipsum-218.svg]
[kits.typstd.com/pribadi/wp-content/uploads/sites/13/2023/11/logoipsum-217.svg]
[kits.typstd.com/pribadi/wp-content/uploads/sites/13/2023/11/logoipsum-216.svg]
[kits.typstd.com/pribadi/wp-content/uploads/sites/13/2023/11/logoipsum-213.svg]
[kits.typstd.com/pribadi/wp-content/uploads/sites/13/2023/11/logoipsum-212.svg]
[kits.typstd.com/pribadi/wp-content/uploads/sites/13/elementor/css/custom-widget-icon-box.min7633.css]
[kits.typstd.com/pribadi/wp-content/plugins/metform/public/assets/js/app6f61.js]
[kits.typstd.com/pribadi/the-art-and-science-of-graphic-design-a-comprehensive-overview-2/feed/index.html]
[kits.typstd.com/pribadi/wp-json/wp/v2/posts/369.json]
[kits.typstd.com/pribadi/wp-json/oembed/1.0/embed0ad8.json]
[kits.typstd.com/pribadi/the-art-and-science-of-graphic-design-a-comprehensive-overview-2/index.html]
[kits.typstd.com/pribadi/wp-json/oembed/1.0/embed276a]
[kits.typstd.com/pribadi/wp-content/uploads/sites/13/elementor/css/post-367cd05.css]
[kits.typstd.com/pribadi/the-art-and-science-of-graphic-design-a-comprehensive-overview/feed/index.html]
[kits.typstd.com/pribadi/wp-json/wp/v2/posts/367.json]
[kits.typstd.com/pribadi/wp-json/oembed/1.0/embedfeb6.json]
[kits.typstd.com/pribadi/the-art-and-science-of-graphic-design-a-comprehensive-overview/index.html]
[kits.typstd.com/pribadi/wp-content/uploads/sites/13/elementor/css/custom-widget-icon-list.min7633.css]
[kits.typstd.com/pribadi/wp-content/plugins/elementor/assets/lib/animations/animations.mindcff.css]
[kits.typstd.com/pribadi/wp-json/oembed/1.0/embed47b5]
[kits.typstd.com/pribadi/wp-content/plugins/elementor/assets/lib/font-awesome/webfonts/fa-regular-400.eot]
[kits.typstd.com/pribadi/wp-content/plugins/elementor/assets/lib/font-awesome/webfonts/fa-regular-400d41d.eot]
[kits.typstd.com/pribadi/wp-content/plugins/elementor/assets/lib/font-awesome/webfonts/fa-regular-400.woff2]
[kits.typstd.com/pribadi/typography-in-graphic-design-crafting-messages-through-fonts/index.html]
[kits.typstd.com/pribadi/wp-content/plugins/elementor/assets/lib/font-awesome/webfonts/fa-regular-400.woff]
[kits.typstd.com/pribadi/wp-content/plugins/elementor/assets/lib/font-awesome/webfonts/fa-regular-400.ttf]
[kits.typstd.com/pribadi/wp-content/plugins/elementor/assets/lib/font-awesome/css/all.mindcff.css]
[kits.typstd.com/pribadi/wp-content/plugins/elementor/assets/lib/font-awesome/css/v4-shims.mindcff.css]
[kits.typstd.com/pribadi/wp-content/plugins/elementor/assets/lib/eicons/fonts/eiconsc63f.svg]
[kits.typstd.com/pribadi/wp-content/plugins/elementskit-lite/widgets/init/assets/img/cross-out.svg]
[kits.typstd.com/pribadi/wp-content/plugins/elementor/assets/lib/font-awesome/webfonts/fa-brands-400.svg]
[kits.typstd.com/pribadi/wp-content/plugins/elementor/assets/lib/font-awesome/webfonts/fa-solid-900.svg]
[kits.typstd.com/pribadi/wp-content/uploads/sites/13/elementor/css/post-8149135.css]
[kits.typstd.com/pribadi/index3eda.html]
[kits.typstd.com/pribadi/wp-content/plugins/elementor/assets/lib/font-awesome/webfonts/fa-regular-400.svg]
[kits.typstd.com/pribadi/wp-content/uploads/sites/13/elementor/css/post-723ef5d.css]
[kits.typstd.com/pribadi/wp-json/wp/v2/pages/723.json]
[kits.typstd.com/pribadi/wp-json/oembed/1.0/embed08e4.json]
[kits.typstd.com/pribadi/about-me/index.html]
[kits.typstd.com/pribadi/wp-content/uploads/sites/13/elementor/css/post-762af1e.css]
[kits.typstd.com/pribadi/index272e.html]
[kits.typstd.com/pribadi/wp-content/uploads/sites/13/elementor/css/post-865998a.css]
[kits.typstd.com/pribadi/index2d45.html]
[kits.typstd.com/pribadi/wp-content/uploads/sites/13/elementor/css/post-952dbd3.css]
[kits.typstd.com/pribadi/index1025.html]
[kits.typstd.com/pribadi/wp-includes/css/dist/block-library/style.minadc6.css]
[kits.typstd.com/pribadi/wp-content/uploads/sites/13/elementor/css/post-10137c9f.css]
[kits.typstd.com/pribadi/index5a2e.html]
[kits.typstd.com/pribadi/wp-content/uploads/sites/13/elementor/css/post-8959657.css]
[kits.typstd.com/pribadi/index12e9.html]
[kits.typstd.com/pribadi/wp-content/uploads/sites/13/elementor/css/post-9454e8e.css]
[kits.typstd.com/pribadi/index2a8d.html]
[kits.typstd.com/pribadi/wp-content/uploads/sites/13/elementor/css/post-709001d.css]
[kits.typstd.com/pribadi/indexc344.html]
[kits.typstd.com/pribadi/wp-content/uploads/sites/13/elementor/css/post-624001d.css]
[kits.typstd.com/pribadi/wp-content/plugins/metform/public/assets/css/metform-ui6f61.css]
[kits.typstd.com/pribadi/wp-content/plugins/metform/public/assets/css/style6f61.css]
[kits.typstd.com/pribadi/_data_image/svg+xml,_svg xmlns='http_/www.w3.org/2000/svg' preserveAspectRatio='none' overflow='visib/__/svg__]
[kits.typstd.com/pribadi/index0261.html]
[kits.typstd.com/pribadi/wp-content/uploads/sites/13/elementor/css/post-367cd05.css]
[kits.typstd.com/pribadi/index55d4.html]
[kits.typstd.com/pribadi/wp-json/oembed/1.0/embed5754]
[kits.typstd.com/pribadi/wp-content/uploads/sites/13/elementor/css/post-3652967.css]
[kits.typstd.com/pribadi/wp-content/uploads/sites/13/elementor/css/post-3692959.css]
[kits.typstd.com/pribadi/typography-in-graphic-design-crafting-messages-through-fonts/feed/index.html]
[kits.typstd.com/pribadi/wp-json/wp/v2/posts/365.json]
[kits.typstd.com/pribadi/wp-json/oembed/1.0/embed95f3.json]
[kits.typstd.com/pribadi/typography-in-graphic-design-crafting-messages-through-fonts/index.html]
[kits.typstd.com/pribadi/wp-content/plugins/elementor/assets/lib/font-awesome/webfonts/fa-regular-400.svg]
[kits.typstd.com/pribadi/wp-content/uploads/sites/13/elementor/css/post-723ef5d.css]
[kits.typstd.com/pribadi/indexe01d.html]
[kits.typstd.com/pribadi/wp-content/uploads/sites/13/elementor/css/post-3692959.css]
[kits.typstd.com/pribadi/wp-content/uploads/sites/13/elementor/css/post-3652967.css]
[kits.typstd.com/pribadi/index18ee.html]
[kits.typstd.com/pribadi/wp-json/oembed/1.0/embed154f]
