[themesdesign.in/harold/layout/index.html]
[backblue.gif]
[fade.gif]
[index.html]
[themesdesign.in/harold/layout/images/favicon.ico]
[themesdesign.in/harold/layout/css/bootstrap.min.css]
[themesdesign.in/harold/layout/css/materialdesignicons.min.css]
[unicons.iconscout.com/release/v4.0.0/css/line.css]
[themesdesign.in/harold/layout/css/tiny-slider.css]
[themesdesign.in/harold/layout/css/swiper.min.css]
[themesdesign.in/harold/layout/css/style.min.css]
[themesdesign.in/harold/layout/images/logo-light.png]
[themesdesign.in/harold/layout/images/logo-dark.png]
[themesdesign.in/harold/layout/images/bg-home.png]
[themesdesign.in/harold/layout/images/home/right-arrow.png]
[themesdesign.in/harold/layout/images/home/home.png]
[themesdesign.in/harold/layout/images/home/home-2.png]
[themesdesign.in/harold/layout/images/home/home-3.png]
[themesdesign.in/harold/layout/images/home/home-4.png]
[themesdesign.in/harold/layout/images/about.png]
[themesdesign.in/harold/layout/images/counter/heart.png]
[themesdesign.in/harold/layout/images/counter/blueprint.png]
[themesdesign.in/harold/layout/images/counter/star.png]
[themesdesign.in/harold/layout/images/counter/idea.png]
[themesdesign.in/harold/layout/images/home/right-arrow-primary.png]
[themesdesign.in/harold/layout/images/work/img-1.png]
[themesdesign.in/harold/layout/images/work/img-2.png]
[themesdesign.in/harold/layout/images/work/img-3.png]
[themesdesign.in/harold/layout/images/work/img-4.png]
[themesdesign.in/harold/layout/images/testi/shape.png]
[themesdesign.in/harold/layout/images/testi/shape-2.png]
[themesdesign.in/harold/layout/images/testi/shape-3.png]
[themesdesign.in/harold/layout/images/team/img1.png]
[themesdesign.in/harold/layout/images/team/img2.png]
[themesdesign.in/harold/layout/images/team/img3.png]
[themesdesign.in/harold/layout/images/team/img4.png]
[themesdesign.in/harold/layout/images/team/img5.png]
[themesdesign.in/harold/layout/images/blog/img-1.png]
[themesdesign.in/harold/layout/images/blog/img-2.png]
[themesdesign.in/harold/layout/images/blog/img-3.png]
[themesdesign.in/harold/layout/js/bootstrap.bundle.min.js]
[themesdesign.in/harold/layout/js/tiny-slider.js]
[themesdesign.in/harold/layout/js/swiper.min.js]
[themesdesign.in/harold/layout/js/counter.init.js]
[themesdesign.in/harold/layout/index.html]
[themesdesign.in/harold/layout/css/bootstrap.min.css]
[themesdesign.in/harold/layout/js/app.js]
[themesdesign.in/harold/layout/fonts/materialdesignicons-webfont3e71.eot]
[themesdesign.in/harold/layout/fonts/materialdesignicons-webfontd41d.eot]
[themesdesign.in/harold/layout/fonts/materialdesignicons-webfont3e71.woff2]
[themesdesign.in/harold/layout/fonts/materialdesignicons-webfont3e71.woff]
[themesdesign.in/harold/layout/fonts/materialdesignicons-webfont3e71.ttf]
[themesdesign.in/harold/layout/css/materialdesignicons.min.css]
[unicons.iconscout.com/release/v4.0.0/css/line.css]
[themesdesign.in/harold/layout/css/tiny-slider.css]
[themesdesign.in/harold/layout/css/tiny-slider.css.html]
[themesdesign.in/harold/layout/css/swiper.min.css]
[themesdesign.in/harold/layout/images/home/home-3/bg3.png]
[themesdesign.in/harold/layout/images/home/home-4/bg4.png]
[themesdesign.in/harold/layout/images/home/home-5/img-1.png]
[themesdesign.in/harold/layout/css/style.min.css]
